
> tech-proposal-studio@0.1.0 dev E:\opencode\tech-proposal-studio
> vite "--host" "127.0.0.1"


  [32m[1mVITE[22m v6.4.3[39m  [2mready in [0m[1m392[22m[2m[0m ms[22m

  [32m➜[39m  [1mLocal[22m:   [36mhttp://127.0.0.1:[1m1420[22m/[39m
[2m[32m  ➜[39m[22m[2m  press [22m[1mh + enter[22m[2m to show help[22m
[2m17:53:16[22m [36m[1m[vite][22m[39m [90m[2m(client)[22m[39m [32mpage reload [39m[2mworkspace/2026-7-21淮安3年服务方案.md[22m
[2m17:53:16[22m [36m[1m[vite][22m[39m [90m[2m(client)[22m[39m [32mpage reload [39m[2mworkspace/251114--3-新疆维吾尔自治区生态环境监测总站智测智控云平台（五）.md[22m
[2m17:53:16[22m [36m[1m[vite][22m[39m [90m[2m(client)[22m[39m [32mpage reload [39m[2mworkspace/测试文档.md[22m
[2m17:53:16[22m [36m[1m[vite][22m[39m [90m[2m(client)[22m[39m [32mpage reload [39m[2mworkspace/.gouan/agent-conversations.json[22m
[2m17:53:16[22m [36m[1m[vite][22m[39m [90m[2m(client)[22m[39m [32mpage reload [39m[2mworkspace/.gouan/connections.json[22m
[2m17:53:16[22m [36m[1m[vite][22m[39m [90m[2m(client)[22m[39m [32mpage reload [39m[2mworkspace/.gouan/backups/history-to-knowledge-20260728-0010/history/2025-1-1上海固废LIMS招标方案（中简版）.md[22m
[2m17:53:16[22m [36m[1m[vite][22m[39m [90m[2m(client)[22m[39m [32mpage reload [39m[2mworkspace/.gouan/backups/history-to-knowledge-20260728-0010/history/2025-1-1远大LIMS无人实验室数据交互接口说明.md[22m
[2m17:53:16[22m [36m[1m[vite][22m[39m [90m[2m(client)[22m[39m [32mpage reload [39m[2mworkspace/.gouan/backups/history-to-knowledge-20260728-0010/history/2025-10-30新疆总站详细方案.md[22m
[2m17:53:16[22m [36m[1m[vite][22m[39m [90m[2m(client)[22m[39m [32mpage reload [39m[2mworkspace/.gouan/backups/history-to-knowledge-20260728-0010/history/2025-4-10嘉兴谱育无人实验室对接.md[22m
[2m17:53:16[22m [36m[1m[vite][22m[39m [90m[2m(client)[22m[39m [32mpage reload [39m[2mworkspace/.gouan/backups/history-to-knowledge-20260728-0010/history/2026-4-16新疆兵团.md[22m
[2m17:53:16[22m [36m[1m[vite][22m[39m [90m[2m(client)[22m[39m [32mpage reload [39m[2mworkspace/.gouan/backups/history-to-knowledge-20260728-0010/history/2026-4-22 嘉兴信创.md[22m
[2m17:53:16[22m [36m[1m[vite][22m[39m [90m[2m(client)[22m[39m [32mpage reload [39m[2mworkspace/.gouan/backups/history-to-knowledge-20260728-0010/history/2026-4-2石河子招标方案.md[22m
[2m17:53:16[22m [36m[1m[vite][22m[39m [90m[2m(client)[22m[39m [32mpage reload [39m[2mworkspace/.gouan/backups/history-to-knowledge-20260728-0010/history/2026-5-17上海辐射中心LIMS.md[22m
[2m17:53:16[22m [36m[1m[vite][22m[39m [90m[2m(client)[22m[39m [32mpage reload [39m[2mworkspace/.gouan/backups/history-to-knowledge-20260728-0010/history/2026-5-8 苏州监测站LIMS.md[22m
[2m17:53:16[22m [36m[1m[vite][22m[39m [90m[2m(client)[22m[39m [32mpage reload [39m[2mworkspace/.gouan/backups/history-to-knowledge-20260728-0010/history/2026-6-18甘肃省一体化.md[22m
[2m17:53:16[22m [36m[1m[vite][22m[39m [90m[2m(client)[22m[39m [32mpage reload [39m[2mworkspace/.gouan/backups/history-to-knowledge-20260728-0010/history/2026-6-18甘肃省一体化申报方案.md[22m
[2m17:53:16[22m [36m[1m[vite][22m[39m [90m[2m(client)[22m[39m [32mpage reload [39m[2mworkspace/.gouan/backups/history-to-knowledge-20260728-0010/history/2026-7-17常州一体化LIMS.md[22m
[2m17:53:16[22m [36m[1m[vite][22m[39m [90m[2m(client)[22m[39m [32mpage reload [39m[2mworkspace/.gouan/backups/history-to-knowledge-20260728-0010/history/2026-7-21淮安3年服务方案.md[22m
[2m17:53:16[22m [36m[1m[vite][22m[39m [90m[2m(client)[22m[39m [32mpage reload [39m[2mworkspace/.gouan/backups/history-to-knowledge-20260728-0010/history/2026-7-22应急监测场景方案.md[22m
[2m17:53:16[22m [36m[1m[vite][22m[39m [90m[2m(client)[22m[39m [32mpage reload [39m[2mworkspace/.gouan/backups/history-to-knowledge-20260728-0010/history/README.md[22m
[2m17:53:16[22m [36m[1m[vite][22m[39m [90m[2m(client)[22m[39m [32mpage reload [39m[2mworkspace/.gouan/backups/history-to-knowledge-20260728-0010/history/历史方案-无锡水质融合分析平台.md[22m
[2m17:53:16[22m [36m[1m[vite][22m[39m [90m[2m(client)[22m[39m [32mpage reload [39m[2mworkspace/.gouan/backups/history-to-knowledge-20260728-0010/history/未命名技术方案.json[22m
[2m17:53:16[22m [36m[1m[vite][22m[39m [90m[2m(client)[22m[39m [32mpage reload [39m[2mworkspace/.gouan/backups/knowledge/kd-0116ee3b53c0dd543847b3f1/1784679851-2026-7-17常州一体化LIMS.md[22m
[2m17:53:16[22m [36m[1m[vite][22m[39m [90m[2m(client)[22m[39m [32mpage reload [39m[2mworkspace/.gouan/backups/knowledge/kd-02a6c0ae8cbf1ccea2579cbf/1784700538-2026-4-16新疆兵团.md[22m
[2m17:53:16[22m [36m[1m[vite][22m[39m [90m[2m(client)[22m[39m [32mpage reload [39m[2mworkspace/.gouan/backups/knowledge/kd-06ecbe29100e31cfcccaa78e/1784725435-2026-4-22 嘉兴信创.md[22m
[2m17:53:16[22m [36m[1m[vite][22m[39m [90m[2m(client)[22m[39m [32mpage reload [39m[2mworkspace/.gouan/backups/knowledge/kd-06ecbe29100e31cfcccaa78e/1784725615-2026-4-22 嘉兴信创.md[22m
[2m17:53:16[22m [36m[1m[vite][22m[39m [90m[2m(client)[22m[39m [32mpage reload [39m[2mworkspace/.gouan/backups/knowledge/kd-06ecbe29100e31cfcccaa78e/1784730037-2026-4-22 嘉兴信创.md[22m
[2m17:53:16[22m [36m[1m[vite][22m[39m [90m[2m(client)[22m[39m [32mpage reload [39m[2mworkspace/.gouan/backups/knowledge/kd-097d63aa9b27a7b6bae65e38/1784725837-2026-4-2石河子招标方案.md[22m
[2m17:53:16[22m [36m[1m[vite][22m[39m [90m[2m(client)[22m[39m [32mpage reload [39m[2mworkspace/.gouan/backups/knowledge/kd-097d63aa9b27a7b6bae65e38/1784730252-2026-4-2石河子招标方案.md[22m
[2m17:53:16[22m [36m[1m[vite][22m[39m [90m[2m(client)[22m[39m [32mpage reload [39m[2mworkspace/.gouan/backups/knowledge/kd-2cc59b1c9be5476292499b7f/1784731651-2026-6-18甘肃省一体化申报方案.md[22m
[2m17:53:16[22m [36m[1m[vite][22m[39m [90m[2m(client)[22m[39m [32mpage reload [39m[2mworkspace/.gouan/backups/knowledge/kd-39029f49d0a4833d51af1f07/1784701639-2026-4-2石河子招标方案.md[22m
[2m17:53:16[22m [36m[1m[vite][22m[39m [90m[2m(client)[22m[39m [32mpage reload [39m[2mworkspace/.gouan/backups/knowledge/kd-3dd4bbb5833d031316333ec1/1784730613-2026-5-17上海辐射中心LIMS.md[22m
[2m17:53:16[22m [36m[1m[vite][22m[39m [90m[2m(client)[22m[39m [32mpage reload [39m[2mworkspace/.gouan/backups/knowledge/kd-46338a7a846a5cebe5624557/1784703020-2025-10-30新疆总站详细方案.md[22m
[2m17:53:16[22m [36m[1m[vite][22m[39m [90m[2m(client)[22m[39m [32mpage reload [39m[2mworkspace/.gouan/backups/knowledge/kd-5439793a25f631f368618d49/1784725301-2026-4-16新疆兵团.md[22m
[2m17:53:16[22m [36m[1m[vite][22m[39m [90m[2m(client)[22m[39m [32mpage reload [39m[2mworkspace/.gouan/backups/knowledge/kd-5439793a25f631f368618d49/1784729402-2026-4-16新疆兵团.md[22m
[2m17:53:16[22m [36m[1m[vite][22m[39m [90m[2m(client)[22m[39m [32mpage reload [39m[2mworkspace/.gouan/backups/knowledge/kd-5439793a25f631f368618d49/1784729507-2026-4-16新疆兵团.md[22m
[2m17:53:16[22m [36m[1m[vite][22m[39m [90m[2m(client)[22m[39m [32mpage reload [39m[2mworkspace/.gouan/backups/knowledge/kd-55e17b882b4dcd306bc11abf/1784731711-历史方案-无锡水质融合分析平台.md[22m
[2m17:53:16[22m [36m[1m[vite][22m[39m [90m[2m(client)[22m[39m [32mpage reload [39m[2mworkspace/.gouan/backups/knowledge/kd-56a027a38a0585c967d36483/1784701817-2026-4-22 嘉兴信创.md[22m
[2m17:53:16[22m [36m[1m[vite][22m[39m [90m[2m(client)[22m[39m [32mpage reload [39m[2mworkspace/.gouan/backups/knowledge/kd-604dcec3223b540230ba0094/1784699125-2026-6-18甘肃省一体化.md[22m
[2m17:53:16[22m [36m[1m[vite][22m[39m [90m[2m(client)[22m[39m [32mpage reload [39m[2mworkspace/.gouan/backups/knowledge/kd-710529fa6f5d4f58d0c09633/1784730993-2026-5-8 苏州监测站LIMS.md[22m
[2m17:53:16[22m [36m[1m[vite][22m[39m [90m[2m(client)[22m[39m [32mpage reload [39m[2mworkspace/.gouan/backups/knowledge/kd-710529fa6f5d4f58d0c09633/1784731569-2026-5-8 苏州监测站LIMS.md[22m
[2m17:53:16[22m [36m[1m[vite][22m[39m [90m[2m(client)[22m[39m [32mpage reload [39m[2mworkspace/.gouan/backups/knowledge/kd-76f7c323c1b45404b1b59ab2/1784731708-2026-7-22应急监测场景方案.md[22m
[2m17:53:16[22m [36m[1m[vite][22m[39m [90m[2m(client)[22m[39m [32mpage reload [39m[2mworkspace/.gouan/backups/knowledge/kd-83b7fab484b4f7b2cc762f38/1784702202-2025-4-10嘉兴谱育无人实验室对接.md[22m
[2m17:53:16[22m [36m[1m[vite][22m[39m [90m[2m(client)[22m[39m [32mpage reload [39m[2mworkspace/.gouan/backups/knowledge/kd-8e7d85da4d6776cb46645df9/1784725115-2025-1-1远大LIMS无人实验室数据交互接口说明.md[22m
[2m17:53:16[22m [36m[1m[vite][22m[39m [90m[2m(client)[22m[39m [32mpage reload [39m[2mworkspace/.gouan/backups/knowledge/kd-8e7d85da4d6776cb46645df9/1784728675-2025-1-1远大LIMS无人实验室数据交互接口说明.md[22m
[2m17:53:16[22m [36m[1m[vite][22m[39m [90m[2m(client)[22m[39m [32mpage reload [39m[2mworkspace/.gouan/backups/knowledge/kd-8e88970c5863097ef81a0c0c/1784725105-2025-1-1上海固废LIMS招标方案（中简版）.md[22m
[2m17:53:16[22m [36m[1m[vite][22m[39m [90m[2m(client)[22m[39m [32mpage reload [39m[2mworkspace/.gouan/backups/knowledge/kd-8e88970c5863097ef81a0c0c/1784728391-2025-1-1上海固废LIMS招标方案（中简版）.md[22m
[2m17:53:16[22m [36m[1m[vite][22m[39m [90m[2m(client)[22m[39m [32mpage reload [39m[2mworkspace/.gouan/backups/knowledge/kd-9086bc64e5b000df47a2f1de/1784731704-2026-7-21淮安3年服务方案.md[22m
[2m17:53:16[22m [36m[1m[vite][22m[39m [90m[2m(client)[22m[39m [32mpage reload [39m[2mworkspace/.gouan/backups/knowledge/kd-9486cc7f9fed4adec8bc55f3/1784699459-2026-5-8 苏州监测站LIMS.md[22m
[2m17:53:16[22m [36m[1m[vite][22m[39m [90m[2m(client)[22m[39m [32mpage reload [39m[2mworkspace/.gouan/backups/knowledge/kd-b40b5b5ade8ad2b739c6ab12/1784701109-2026-5-17上海辐射中心LIMS.md[22m
[2m17:53:16[22m [36m[1m[vite][22m[39m [90m[2m(client)[22m[39m [32mpage reload [39m[2mworkspace/.gouan/backups/knowledge/kd-b79898eab190e83b18d09df2/1784725194-2025-10-30新疆总站详细方案.md[22m
[2m17:53:16[22m [36m[1m[vite][22m[39m [90m[2m(client)[22m[39m [32mpage reload [39m[2mworkspace/.gouan/backups/knowledge/kd-b79898eab190e83b18d09df2/1784726399-2025-10-30新疆总站详细方案.md[22m
[2m17:53:16[22m [36m[1m[vite][22m[39m [90m[2m(client)[22m[39m [32mpage reload [39m[2mworkspace/.gouan/backups/knowledge/kd-b79898eab190e83b18d09df2/1784728494-2025-10-30新疆总站详细方案.md[22m
[2m17:53:16[22m [36m[1m[vite][22m[39m [90m[2m(client)[22m[39m [32mpage reload [39m[2mworkspace/.gouan/backups/knowledge/kd-b79898eab190e83b18d09df2/1784728755-2025-10-30新疆总站详细方案.md[22m
[2m17:53:16[22m [36m[1m[vite][22m[39m [90m[2m(client)[22m[39m [32mpage reload [39m[2mworkspace/.gouan/backups/knowledge/kd-b8b2847f872d0e9191d93b15/1784698369-历史方案-无锡水质融合分析平台.md[22m
[2m17:53:16[22m [36m[1m[vite][22m[39m [90m[2m(client)[22m[39m [32mpage reload [39m[2mworkspace/.gouan/backups/knowledge/kd-beb112f1815b18e8f4e9b6bf/1784731590-2026-6-18甘肃省一体化.md[22m
[2m17:53:16[22m [36m[1m[vite][22m[39m [90m[2m(client)[22m[39m [32mpage reload [39m[2mworkspace/.gouan/backups/knowledge/kd-c01cb1092447775f35759bb1/1784703630-2026-6-18甘肃省一体化申报方案.md[22m
[2m17:53:16[22m [36m[1m[vite][22m[39m [90m[2m(client)[22m[39m [32mpage reload [39m[2mworkspace/.gouan/backups/knowledge/kd-d6c033d3e680259b16e44839/1784725277-2025-4-10嘉兴谱育无人实验室对接.md[22m
[2m17:53:16[22m [36m[1m[vite][22m[39m [90m[2m(client)[22m[39m [32mpage reload [39m[2mworkspace/.gouan/backups/knowledge/kd-d6c033d3e680259b16e44839/1784729290-2025-4-10嘉兴谱育无人实验室对接.md[22m
[2m17:53:16[22m [36m[1m[vite][22m[39m [90m[2m(client)[22m[39m [32mpage reload [39m[2mworkspace/.gouan/backups/knowledge/kd-d6c033d3e680259b16e44839/1784729340-2025-4-10嘉兴谱育无人实验室对接.md[22m
[2m17:53:16[22m [36m[1m[vite][22m[39m [90m[2m(client)[22m[39m [32mpage reload [39m[2mworkspace/.gouan/backups/knowledge/kd-e32487094f76813b32f4aa05/1784698458-2026-7-21淮安3年服务方案.md[22m
[2m17:53:16[22m [36m[1m[vite][22m[39m [90m[2m(client)[22m[39m [32mpage reload [39m[2mworkspace/.gouan/backups/knowledge/kd-ed263417ae32f12486626be8/1784700342-2025-1-1远大LIMS无人实验室数据交互接口说明.md[22m
[2m17:53:16[22m [36m[1m[vite][22m[39m [90m[2m(client)[22m[39m [32mpage reload [39m[2mworkspace/.gouan/backups/knowledge/kd-f8f62d9f7320f722fc46e48e/1784731697-2026-7-17常州一体化LIMS.md[22m
[2m17:53:16[22m [36m[1m[vite][22m[39m [90m[2m(client)[22m[39m [32mpage reload [39m[2mworkspace/.gouan/backups/knowledge/kd-fa7468b56063b1e61390a32a/1784698291-2025-1-1上海固废LIMS招标方案（中简版）.md[22m
[2m17:53:16[22m [36m[1m[vite][22m[39m [90m[2m(client)[22m[39m [32mpage reload [39m[2mworkspace/knowledge/(汇报版)260726无锡市区域一体化生态环境监测实验室信息管理系统方案.md[22m
[2m17:53:16[22m [36m[1m[vite][22m[39m [90m[2m(client)[22m[39m [32mpage reload [39m[2mworkspace/knowledge/2025-1-1上海固废LIMS招标方案（中简版）.md[22m
[2m17:53:16[22m [36m[1m[vite][22m[39m [90m[2m(client)[22m[39m [32mpage reload [39m[2mworkspace/knowledge/2025-1-1远大LIMS无人实验室数据交互接口说明.md[22m
[2m17:53:16[22m [36m[1m[vite][22m[39m [90m[2m(client)[22m[39m [32mpage reload [39m[2mworkspace/knowledge/2025-10-30新疆总站详细方案.md[22m
[2m17:53:16[22m [36m[1m[vite][22m[39m [90m[2m(client)[22m[39m [32mpage reload [39m[2mworkspace/knowledge/2026-4-16新疆兵团.md[22m
[2m17:53:16[22m [36m[1m[vite][22m[39m [90m[2m(client)[22m[39m [32mpage reload [39m[2mworkspace/knowledge/2025-4-10嘉兴谱育无人实验室对接.md[22m
[2m17:53:16[22m [36m[1m[vite][22m[39m [90m[2m(client)[22m[39m [32mpage reload [39m[2mworkspace/knowledge/2026-4-22 嘉兴信创.md[22m
[2m17:53:16[22m [36m[1m[vite][22m[39m [90m[2m(client)[22m[39m [32mpage reload [39m[2mworkspace/knowledge/2026-4-2石河子招标方案.md[22m
[2m17:53:16[22m [36m[1m[vite][22m[39m [90m[2m(client)[22m[39m [32mpage reload [39m[2mworkspace/knowledge/2026-5-17上海辐射中心LIMS.md[22m
[2m17:53:16[22m [36m[1m[vite][22m[39m [90m[2m(client)[22m[39m [32mpage reload [39m[2mworkspace/knowledge/2026-5-8 苏州监测站LIMS.md[22m
[2m17:53:16[22m [36m[1m[vite][22m[39m [90m[2m(client)[22m[39m [32mpage reload [39m[2mworkspace/knowledge/2026-6-18甘肃省一体化.md[22m
[2m17:53:16[22m [36m[1m[vite][22m[39m [90m[2m(client)[22m[39m [32mpage reload [39m[2mworkspace/knowledge/2026-7-17常州一体化LIMS.md[22m
[2m17:53:16[22m [36m[1m[vite][22m[39m [90m[2m(client)[22m[39m [32mpage reload [39m[2mworkspace/knowledge/2026-6-18甘肃省一体化申报方案.md[22m
[2m17:53:16[22m [36m[1m[vite][22m[39m [90m[2m(client)[22m[39m [32mpage reload [39m[2mworkspace/knowledge/2026-7-21淮安3年服务方案.md[22m
[2m17:53:18[22m [36m[1m[vite][22m[39m [90m[2m(client)[22m[39m [32mpage reload [39m[2mworkspace/knowledge/2026-7-22应急监测场景方案.md[22m
[2m17:53:18[22m [36m[1m[vite][22m[39m [90m[2m(client)[22m[39m [32mpage reload [39m[2mworkspace/knowledge/README.md[22m
[2m17:53:18[22m [36m[1m[vite][22m[39m [90m[2m(client)[22m[39m [32mpage reload [39m[2mworkspace/knowledge/上海执法监测平台用户操作手册(3)(1)(1).md[22m
[2m17:53:18[22m [36m[1m[vite][22m[39m [90m[2m(client)[22m[39m [32mpage reload [39m[2mworkspace/knowledge/历史方案-无锡水质融合分析平台.md[22m
[2m17:53:18[22m [36m[1m[vite][22m[39m [90m[2m(client)[22m[39m [32mpage reload [39m[2mworkspace/knowledge/常州市区域一体化生态环境监测实验室信息管理系统服务方案2026.07.16 (1).md[22m
[2m17:53:18[22m [36m[1m[vite][22m[39m [90m[2m(client)[22m[39m [32mpage reload [39m[2mworkspace/knowledge/未命名技术方案.json[22m
[2m17:53:18[22m [36m[1m[vite][22m[39m [90m[2m(client)[22m[39m [32mpage reload [39m[2mworkspace/knowledge/苏州市打赢污染防治攻坚战协同推进平台—生态环境监测监管一体化子系统软课题研究项目可行性研究报告-0616 (1).md[22m
[2m17:53:19[22m [36m[1m[vite][22m[39m [90m[2m(client)[22m[39m [32mpage reload [39m[2mworkspace/knowledge/README.md[22m
 ELIFECYCLE  Command failed with exit code 4294967295.
