[  939750ms] [INFO] %cDownload the React DevTools for a better development experience: https://react.dev/link/react-devtools font-weight:bold @ http://localhost:1420/node_modules/.vite/deps/react-dom_client.js?v=77bfedc0:20102
[  939774ms] [WARNING] Warning: KaTeX doesn't work in quirks mode. Make sure your website has a suitable doctype. @ http://localhost:1420/node_modules/.vite/deps/marked-katex-extension.js?v=77bfedc0:14201
[ 1048596ms] [INFO] %cDownload the React DevTools for a better development experience: https://react.dev/link/react-devtools font-weight:bold @ http://localhost:1420/node_modules/.vite/deps/react-dom_client.js?v=77bfedc0:20102
[ 1048615ms] [WARNING] Warning: KaTeX doesn't work in quirks mode. Make sure your website has a suitable doctype. @ http://localhost:1420/node_modules/.vite/deps/marked-katex-extension.js?v=77bfedc0:14201
[ 1100614ms] [INFO] %cDownload the React DevTools for a better development experience: https://react.dev/link/react-devtools font-weight:bold @ http://localhost:1420/node_modules/.vite/deps/react-dom_client.js?v=77bfedc0:20102
[ 1100645ms] [WARNING] Warning: KaTeX doesn't work in quirks mode. Make sure your website has a suitable doctype. @ http://localhost:1420/node_modules/.vite/deps/marked-katex-extension.js?v=77bfedc0:14201
[ 1190890ms] [INFO] %cDownload the React DevTools for a better development experience: https://react.dev/link/react-devtools font-weight:bold @ http://localhost:1420/node_modules/.vite/deps/react-dom_client.js?v=77bfedc0:20102
[ 1190914ms] [WARNING] Warning: KaTeX doesn't work in quirks mode. Make sure your website has a suitable doctype. @ http://localhost:1420/node_modules/.vite/deps/marked-katex-extension.js?v=77bfedc0:14201
[ 1300592ms] [ERROR] Failed to load resource: the server responded with a status of 500 (Internal Server Error) @ http://localhost:1420/src/features/settings/SkillsSettingsSection.tsx:0
[ 1300593ms] [ERROR] [vite] Failed to reload /src/App.tsx. This could be due to syntax errors or importing non-existent modules. (see errors above) @ http://localhost:1420/@vite/client:881
[ 1614791ms] [INFO] %cDownload the React DevTools for a better development experience: https://react.dev/link/react-devtools font-weight:bold @ http://localhost:1420/node_modules/.vite/deps/react-dom_client.js?v=77bfedc0:20102
[ 1614841ms] [WARNING] Warning: KaTeX doesn't work in quirks mode. Make sure your website has a suitable doctype. @ http://localhost:1420/node_modules/.vite/deps/marked-katex-extension.js?v=77bfedc0:14201
[ 1681586ms] [INFO] %cDownload the React DevTools for a better development experience: https://react.dev/link/react-devtools font-weight:bold @ http://localhost:1420/node_modules/.vite/deps/react-dom_client.js?v=77bfedc0:20102
[ 1681630ms] [WARNING] Warning: KaTeX doesn't work in quirks mode. Make sure your website has a suitable doctype. @ http://localhost:1420/node_modules/.vite/deps/marked-katex-extension.js?v=77bfedc0:14201
[ 1945231ms] [INFO] %cDownload the React DevTools for a better development experience: https://react.dev/link/react-devtools font-weight:bold @ http://localhost:1420/node_modules/.vite/deps/react-dom_client.js?v=77bfedc0:20102
[ 1945259ms] [WARNING] Warning: KaTeX doesn't work in quirks mode. Make sure your website has a suitable doctype. @ http://localhost:1420/node_modules/.vite/deps/marked-katex-extension.js?v=77bfedc0:14201
[ 2422761ms] [INFO] %cDownload the React DevTools for a better development experience: https://react.dev/link/react-devtools font-weight:bold @ http://localhost:1420/node_modules/.vite/deps/react-dom_client.js?v=77bfedc0:20102
[ 2422790ms] [WARNING] Warning: KaTeX doesn't work in quirks mode. Make sure your website has a suitable doctype. @ http://localhost:1420/node_modules/.vite/deps/marked-katex-extension.js?v=77bfedc0:14201
[ 2432537ms] [INFO] %cDownload the React DevTools for a better development experience: https://react.dev/link/react-devtools font-weight:bold @ http://localhost:1420/node_modules/.vite/deps/react-dom_client.js?v=77bfedc0:20102
[ 2432555ms] [WARNING] Warning: KaTeX doesn't work in quirks mode. Make sure your website has a suitable doctype. @ http://localhost:1420/node_modules/.vite/deps/marked-katex-extension.js?v=77bfedc0:14201
[ 3009718ms] [INFO] %cDownload the React DevTools for a better development experience: https://react.dev/link/react-devtools font-weight:bold @ http://localhost:1420/node_modules/.vite/deps/react-dom_client.js?v=77bfedc0:20102
[ 3009756ms] [WARNING] Warning: KaTeX doesn't work in quirks mode. Make sure your website has a suitable doctype. @ http://localhost:1420/node_modules/.vite/deps/marked-katex-extension.js?v=77bfedc0:14201
[ 3641352ms] [INFO] %cDownload the React DevTools for a better development experience: https://react.dev/link/react-devtools font-weight:bold @ http://localhost:1420/node_modules/.vite/deps/react-dom_client.js?v=77bfedc0:20102
[ 3641381ms] [WARNING] Warning: KaTeX doesn't work in quirks mode. Make sure your website has a suitable doctype. @ http://localhost:1420/node_modules/.vite/deps/marked-katex-extension.js?v=77bfedc0:14201
[ 4419601ms] [INFO] %cDownload the React DevTools for a better development experience: https://react.dev/link/react-devtools font-weight:bold @ http://localhost:1420/node_modules/.vite/deps/react-dom_client.js?v=77bfedc0:20102
[ 4419638ms] [WARNING] Warning: KaTeX doesn't work in quirks mode. Make sure your website has a suitable doctype. @ http://localhost:1420/node_modules/.vite/deps/marked-katex-extension.js?v=77bfedc0:14201
[ 4433764ms] [INFO] %cDownload the React DevTools for a better development experience: https://react.dev/link/react-devtools font-weight:bold @ http://localhost:1420/node_modules/.vite/deps/react-dom_client.js?v=77bfedc0:20102
[ 4433779ms] [WARNING] Warning: KaTeX doesn't work in quirks mode. Make sure your website has a suitable doctype. @ http://localhost:1420/node_modules/.vite/deps/marked-katex-extension.js?v=77bfedc0:14201
[ 4829919ms] [INFO] %cDownload the React DevTools for a better development experience: https://react.dev/link/react-devtools font-weight:bold @ http://localhost:1420/node_modules/.vite/deps/react-dom_client.js?v=77bfedc0:20102
[ 4829964ms] [WARNING] Warning: KaTeX doesn't work in quirks mode. Make sure your website has a suitable doctype. @ http://localhost:1420/node_modules/.vite/deps/marked-katex-extension.js?v=77bfedc0:14201
[ 5047237ms] [INFO] %cDownload the React DevTools for a better development experience: https://react.dev/link/react-devtools font-weight:bold @ http://localhost:1420/node_modules/.vite/deps/react-dom_client.js?v=77bfedc0:20102
[ 5047274ms] [WARNING] Warning: KaTeX doesn't work in quirks mode. Make sure your website has a suitable doctype. @ http://localhost:1420/node_modules/.vite/deps/marked-katex-extension.js?v=77bfedc0:14201
[ 5173716ms] [LOG] [vite] server connection lost. Polling for restart... @ http://localhost:1420/@vite/client:963
[ 5178353ms] [INFO] %cDownload the React DevTools for a better development experience: https://react.dev/link/react-devtools font-weight:bold @ http://localhost:1420/node_modules/.vite/deps/react-dom_client.js?v=77bfedc0:20102
[ 5178380ms] [WARNING] Warning: KaTeX doesn't work in quirks mode. Make sure your website has a suitable doctype. @ http://localhost:1420/node_modules/.vite/deps/marked-katex-extension.js?v=77bfedc0:14201
[ 5200109ms] [LOG] [vite] server connection lost. Polling for restart... @ http://localhost:1420/@vite/client:963
[ 5202462ms] [ERROR] WebSocket connection to 'ws://localhost:1420/' failed: Error in connection establishment: net::ERR_CONNECTION_REFUSED @ http://localhost:1420/@vite/client:1034
[ 5205827ms] [ERROR] WebSocket connection to 'ws://localhost:1420/' failed: Error in connection establishment: net::ERR_CONNECTION_REFUSED @ http://localhost:1420/@vite/client:1034
[ 5259250ms] [INFO] %cDownload the React DevTools for a better development experience: https://react.dev/link/react-devtools font-weight:bold @ http://localhost:1420/node_modules/.vite/deps/react-dom_client.js?v=77bfedc0:20102
[ 5259280ms] [WARNING] Warning: KaTeX doesn't work in quirks mode. Make sure your website has a suitable doctype. @ http://localhost:1420/node_modules/.vite/deps/marked-katex-extension.js?v=77bfedc0:14201
[ 5469114ms] [LOG] [vite] server connection lost. Polling for restart... @ http://localhost:1420/@vite/client:963
[ 5471476ms] [ERROR] WebSocket connection to 'ws://localhost:1420/' failed: Error in connection establishment: net::ERR_CONNECTION_REFUSED @ http://localhost:1420/@vite/client:1034
[ 5474833ms] [ERROR] WebSocket connection to 'ws://localhost:1420/' failed: Error in connection establishment: net::ERR_CONNECTION_REFUSED @ http://localhost:1420/@vite/client:1034
