[     196ms] [INFO] %cDownload the React DevTools for a better development experience: https://react.dev/link/react-devtools font-weight:bold @ http://localhost:1420/node_modules/.vite/deps/react-dom_client.js?v=55df6261:20102
[     243ms] [WARNING] Warning: KaTeX doesn't work in quirks mode. Make sure your website has a suitable doctype. @ http://localhost:1420/node_modules/.vite/deps/marked-katex-extension.js?v=55df6261:14201
[     426ms] [ERROR] Failed to load resource: the server responded with a status of 404 (Not Found) @ http://localhost:1420/favicon.ico:0
[   71056ms] [INFO] %cDownload the React DevTools for a better development experience: https://react.dev/link/react-devtools font-weight:bold @ http://localhost:1420/node_modules/.vite/deps/react-dom_client.js?v=55df6261:20102
[   71073ms] [WARNING] Warning: KaTeX doesn't work in quirks mode. Make sure your website has a suitable doctype. @ http://localhost:1420/node_modules/.vite/deps/marked-katex-extension.js?v=55df6261:14201
[  389505ms] [INFO] %cDownload the React DevTools for a better development experience: https://react.dev/link/react-devtools font-weight:bold @ http://localhost:1420/node_modules/.vite/deps/react-dom_client.js?v=55df6261:20102
[  389526ms] [WARNING] Warning: KaTeX doesn't work in quirks mode. Make sure your website has a suitable doctype. @ http://localhost:1420/node_modules/.vite/deps/marked-katex-extension.js?v=55df6261:14201
[  548849ms] [INFO] %cDownload the React DevTools for a better development experience: https://react.dev/link/react-devtools font-weight:bold @ http://localhost:1420/node_modules/.vite/deps/react-dom_client.js?v=55df6261:20102
[  548867ms] [WARNING] Warning: KaTeX doesn't work in quirks mode. Make sure your website has a suitable doctype. @ http://localhost:1420/node_modules/.vite/deps/marked-katex-extension.js?v=55df6261:14201
[  950704ms] [INFO] %cDownload the React DevTools for a better development experience: https://react.dev/link/react-devtools font-weight:bold @ http://localhost:1420/node_modules/.vite/deps/react-dom_client.js?v=55df6261:20102
[  950732ms] [WARNING] Warning: KaTeX doesn't work in quirks mode. Make sure your website has a suitable doctype. @ http://localhost:1420/node_modules/.vite/deps/marked-katex-extension.js?v=55df6261:14201
[  954608ms] [INFO] %cDownload the React DevTools for a better development experience: https://react.dev/link/react-devtools font-weight:bold @ http://localhost:1420/node_modules/.vite/deps/react-dom_client.js?v=55df6261:20102
[  954622ms] [WARNING] Warning: KaTeX doesn't work in quirks mode. Make sure your website has a suitable doctype. @ http://localhost:1420/node_modules/.vite/deps/marked-katex-extension.js?v=55df6261:14201
[ 1022554ms] [INFO] %cDownload the React DevTools for a better development experience: https://react.dev/link/react-devtools font-weight:bold @ http://localhost:1420/node_modules/.vite/deps/react-dom_client.js?v=55df6261:20102
[ 1022571ms] [WARNING] Warning: KaTeX doesn't work in quirks mode. Make sure your website has a suitable doctype. @ http://localhost:1420/node_modules/.vite/deps/marked-katex-extension.js?v=55df6261:14201
[ 1041996ms] [INFO] %cDownload the React DevTools for a better development experience: https://react.dev/link/react-devtools font-weight:bold @ http://localhost:1420/node_modules/.vite/deps/react-dom_client.js?v=55df6261:20102
[ 1042009ms] [WARNING] Warning: KaTeX doesn't work in quirks mode. Make sure your website has a suitable doctype. @ http://localhost:1420/node_modules/.vite/deps/marked-katex-extension.js?v=55df6261:14201
[ 1203747ms] [INFO] %cDownload the React DevTools for a better development experience: https://react.dev/link/react-devtools font-weight:bold @ http://localhost:1420/node_modules/.vite/deps/react-dom_client.js?v=55df6261:20102
[ 1203763ms] [WARNING] Warning: KaTeX doesn't work in quirks mode. Make sure your website has a suitable doctype. @ http://localhost:1420/node_modules/.vite/deps/marked-katex-extension.js?v=55df6261:14201
[ 1382691ms] [INFO] %cDownload the React DevTools for a better development experience: https://react.dev/link/react-devtools font-weight:bold @ http://localhost:1420/node_modules/.vite/deps/react-dom_client.js?v=55df6261:20102
[ 1382715ms] [WARNING] Warning: KaTeX doesn't work in quirks mode. Make sure your website has a suitable doctype. @ http://localhost:1420/node_modules/.vite/deps/marked-katex-extension.js?v=55df6261:14201
[ 1596503ms] [INFO] %cDownload the React DevTools for a better development experience: https://react.dev/link/react-devtools font-weight:bold @ http://localhost:1420/node_modules/.vite/deps/react-dom_client.js?v=55df6261:20102
[ 1596520ms] [WARNING] Warning: KaTeX doesn't work in quirks mode. Make sure your website has a suitable doctype. @ http://localhost:1420/node_modules/.vite/deps/marked-katex-extension.js?v=55df6261:14201
[ 1874554ms] [INFO] %cDownload the React DevTools for a better development experience: https://react.dev/link/react-devtools font-weight:bold @ http://localhost:1420/node_modules/.vite/deps/react-dom_client.js?v=55df6261:20102
[ 1874573ms] [WARNING] Warning: KaTeX doesn't work in quirks mode. Make sure your website has a suitable doctype. @ http://localhost:1420/node_modules/.vite/deps/marked-katex-extension.js?v=55df6261:14201
[ 1904833ms] [INFO] %cDownload the React DevTools for a better development experience: https://react.dev/link/react-devtools font-weight:bold @ http://localhost:1420/node_modules/.vite/deps/react-dom_client.js?v=55df6261:20102
[ 1904843ms] [WARNING] Warning: KaTeX doesn't work in quirks mode. Make sure your website has a suitable doctype. @ http://localhost:1420/node_modules/.vite/deps/marked-katex-extension.js?v=55df6261:14201
[ 1931278ms] [INFO] %cDownload the React DevTools for a better development experience: https://react.dev/link/react-devtools font-weight:bold @ http://localhost:1420/node_modules/.vite/deps/react-dom_client.js?v=55df6261:20102
[ 1931294ms] [WARNING] Warning: KaTeX doesn't work in quirks mode. Make sure your website has a suitable doctype. @ http://localhost:1420/node_modules/.vite/deps/marked-katex-extension.js?v=55df6261:14201
[ 1940840ms] [INFO] %cDownload the React DevTools for a better development experience: https://react.dev/link/react-devtools font-weight:bold @ http://localhost:1420/node_modules/.vite/deps/react-dom_client.js?v=55df6261:20102
[ 1940855ms] [WARNING] Warning: KaTeX doesn't work in quirks mode. Make sure your website has a suitable doctype. @ http://localhost:1420/node_modules/.vite/deps/marked-katex-extension.js?v=55df6261:14201
[ 1975144ms] [INFO] %cDownload the React DevTools for a better development experience: https://react.dev/link/react-devtools font-weight:bold @ http://localhost:1420/node_modules/.vite/deps/react-dom_client.js?v=55df6261:20102
[ 1975163ms] [WARNING] Warning: KaTeX doesn't work in quirks mode. Make sure your website has a suitable doctype. @ http://localhost:1420/node_modules/.vite/deps/marked-katex-extension.js?v=55df6261:14201
